# First-attempt log (running)
[1] geolib: `margo build` with src/vec2.moss (exported type Vec2 with untyped method params `fn add(other)`) + src/measure.moss (no main anywhere):
    FAIL TYPE_INFERENCE_FAILED "cannot infer type for parameter 'other' in method 'vec2__Vec2.add'"
    source_file reported = src/measure.moss line 7 col 1 (WRONG file; error is in vec2.moss line 7). Suggests: add a concrete type annotation.
[2] After annotating Vec2 methods: `margo build` FAIL TYPE_INFERENCE_FAILED "cannot infer the type of this return expression in function 'measure__total_area'" for
    `export fn total_area(shapes): return shapes |> map(_.area()) |> sum`  (library build, no callers).
    Reduced (tmp/lib_and_app/p1/c.moss): SAME failure in a SINGLE FILE even when called: generic fn with `shapes |> map(_.area())`. Works inline in main on a concrete local, and works with named `map(one)`. => not module related; frontend/checking (doc claims `_.score()` placeholder supported).
[3] Library `export fn total_area(shapes): return shapes |> map(area_of) |> sum` where `area_of(shape: Measurable) -> Float` (trait-typed param): margo build FAIL TYPE_INFERENCE_FAILED (library, uncalled).
    Reduced single-file: `shapes |> map(one)` with `fn one(x: Measurable)` or untyped `one(x)` (calls x.area()) => COMPILER ASSERTION CRASH in add_functional_pipeline_ir (src/moss.cpp:6054) even inline in main (tmp/lib_and_app/p1/h.moss, j.moss). Not module related.
[4] geolib with modules vec2 (exported Vec2 w/ methods add/sub/...), measure (trait, for-loop total_area helpers), shapes (Circle/Rect/Triangle with fields of type vec2.Vec2, methods calling center.add(by)):
    `margo build` => BUILD_BACKEND_ERROR: module Rust crate compilation failed for 'shapes': error[E0624]: method `__moss_view_add` is private (calling a method of an imported type from another module).
[5] Reduced cross-module facts (r1 in tmp/lib_and_app/r1; paired repros to be under repro/):
    - `vec2.Vec2(x: 1.0, y: 2.0)` from another module: moss check ok; native build FAIL rustc E0451 private fields.
    - `a.x` (field read) on imported type from another module: native build FAIL rustc E0616 private field.
    - `pos.add(by)` where pos is a field of self of imported type (method with arg): native FAIL E0624 `__moss_view_add` private. Same call on a local/param OK.
    - unannotated method return (`fn add(other: Vec2):`) called as `return pos.add(by)` across modules: TYPE_INFERENCE_FAILED; annotating `-> Vec2` moves the error to rustc E0624.
    Workarounds (accessor methods get_x/get_y, factory fns, free fns plus/minus) => geolib builds. Natural attempt preserved at repro/natural_geolib_attempt.
[6] geolib total_area/total_perimeter untyped generic w/ for-loop + `-> Float`: OK. `map(_.area())` variant fails inference (single-file too).
[7] Exported `fn area_of(shape: Measurable) -> Float` (trait-typed param) in a module: moss check + build => MOSS_INTERNAL_OR_IO_ERROR "internal synchronization invariant: unresolved concrete method effect target" (line 0). Same code in a single file w/o module: check OK.
[8] Diagnostic source_file misattributed: errors in vec2.moss (TYPE_INFERENCE_FAILED) reported as src/measure.moss with line numbers of the real file [1],[3 (vec2 dist_sq at 33)].
[9] sceneapp first draft: multi-line vector literal `circles = [\n    a,\n    b\n  ]` inside fn body => parse error "indentation jumps more than one block level".
[10] geolib: adding exported wrapper fns (circle_perimeter etc) => build FAIL "internal synchronization invariant: unresolved concrete method effect target" (MOSS_INTERNAL_OR_IO_ERROR, line 0).
    Reduced (tmp/lib_and_app/s1/y9.moss): `module m` + `export fn f() -> Float: return 2.0 * pi()` (Float literal LEFT operand, call RIGHT operand) fails `moss check`; same without `module`/`export` passes; Int `2 + one()` passes; `pi() * 2.0` passes.
[11] sceneapp (separate package via path dep) calling ANY method on lib-package types (`c.area()`, `v.get_x()`): margo build/run => MOSS_COMPILE_ERROR "no matching method 'shapes__Circle.area' for supplied arguments". Free functions of the lib work. Interface (build/debug/vec2.mossi) lists only `type Vec2 nominal` - methods/fields not projected. Same-package cross-module method calls work (r1). margo debug works on the same code (source available). Minimal: tmp/lib_and_app/r2.
[12] generic exported helper measure.total_area(items) works natively from app package when items are APP-defined types with area() (r2 agg.total), but not for lib-defined types (no matching method).
[13] margo debug on for-loop helper: "interpreter error: Fast Debug does not support for iteration yet" (documented limit).
[14] sceneapp: method whose last statement is `circles.push(x)` => TYPE_INFERENCE_FAILED "cannot infer return type for method 'scene__Scene.add_circle'". Single-file reproduces (tmp/lib_and_app/s1/pu.moss). Workaround: trailing bare `return`.
[15] geolib: `export fn f(w: Float, h: Float) -> Float: return 2.0 * (w + h)` in a `module` => MOSS_INTERNAL_OR_IO_ERROR internal sync invariant (also 2.0 * measure.pi()); `(w+h)*2.0` fine. Was only exposed once a wrapper made the method reachable.
[16] sceneapp natural: scene module constructing model.CircleItem(name:..., shape:...) (same-package cross-module struct literal) => rustc E0451 private fields (as [5]). Natural attempt saved at repro/natural_app_attempt.
[17] sceneapp after factory workaround: main module using scene.Scene (has field Vector[model.CircleItem]) without importing model => rustc E0425 "cannot find type `model__CircleItem` in this scope" (transitive field type not in scope of consumer crate); also E0616 for `s.title`.
[18] sceneapp: `circles |> filter(_.area() > m) |> count` over Vector of struct => MOSS_COMPILE_ERROR "filter over nontrivial element type ... cannot produce a new collection without an explicit deep copy" (single-file too: tmp/lib_and_app/s1/fl.moss). Rule/diagnostic clear; workaround map(_.area()) |> filter(_ > m) |> count.
[19] sceneapp: `fn get_name() -> String: return name` and `Item(name: name, ...)` inside a method consume self (OWNERSHIP_USE_AFTER_CONSUME "value 'self' was transferred ..."); single-file identical (tmp/lib_and_app/s1/cp.moss). Workaround `name + ""` (string copy idiom found by guessing). Intended ownership rule, but no documented copy idiom (docs/discovery).
[20] docs/V0_1.md (not in bootstrap canonical_docs) says "Use exported factory functions for provider-owned objects and concrete exports where cross-module generic specialization is currently limited." -- the only doc mention of the cross-module construction/field limits.
[21] `name + ""` copy idiom / any String `+`: interpreter OK, `margo run` native FAIL BUILD_BACKEND_ERROR rustc E0308/E0369 (`(self.name) + ("".to_string())`, `(kind) + (":".to_string())) + (name)`) -- single file, not module related (tmp/lib_and_app/r3). moss check ACCEPTS.
[22] Every project-level moss check of sceneapp (with MOSS_MODULE_PATH=../geolib/build/debug) gave "internal synchronization invariant" (line 0) whereas margo build reached rustc for the same code with E0308 (String +) -- diagnostics for the same defect differ by tool/cwd. `moss check src/x.moss` inside the app package without MOSS_MODULE_PATH: "imported module 'measure' was not found" attributed to main.moss line 5.
[23] Method calling a sibling method unqualified (`echo "area", area()` inside describe()) in an exported type, invoked from ANOTHER module: margo run/debug => UNKNOWN_SYMBOL_OR_TYPE "unknown local function 'm__area'" (src/m.moss:7). Same code with main in same file passes interp. `moss check src/m.moss` and `src/main.moss`: see below. Minimal: tmp/lib_and_app/r3.
[24] `items[i].shift(1.0)` (mutating method on Vector element): MOSS_COMPILE_ERROR "local member calls are not implemented; use a top-level function" (single file). `for it in items: it.shift(1.0)`: moss check ok, native rustc E0596 cannot borrow `it` as mutable (native lowering, single file). Workaround top-level `fn shift_item(it: Item, by): it.shift(by)` + `shift_item(items[i], by)` works native.
[25] `for i in range(0, circles |> count)`: TYPE_INFERENCE_FAILED "cannot infer the static iterator source type" (bound must be a local: `n = circles |> count`).
[26] `for i in range(0, n)` inside ANY function of a `module` file (exported or not) => margo build/moss check (project ctx) TYPE_INFERENCE_FAILED "cannot infer the static iterator source type" (reported against wrong file). Non-module file with same fn OK; standalone `moss check` of the single module file OK; `for x in vec` in a module OK; `while` OK. Minimal: tmp/lib_and_app/r3 (module-notexported case).
[27] `pos = moved(pos, d)` in a method (struct-typed field reassigned from a fn of itself): moss check OK, native rustc E0502 (`*self` borrowed mutably and immutably); single file (tmp/lib_and_app/r3 main.moss variant). Workaround: `np = moved(pos, d)` then `pos = np`.
[28] Field named `box` in an exported type => rustc "expected identifier, found reserved keyword `box`" (Rust keyword collision; moss check accepts). Renamed to `bx`.
[29] Consumer module `report` (exported fn taking `s: scene.Scene`, param of imported type) needs `import vec2/shapes/model` (whole transitive field-type closure) or rustc E0405 cannot find trait MossAccess_*.
[30] SYNC-INVARIANT (again): module report `export fn show(b: bag.Bag): echo "total", b.total()` where Bag.total() loops `for x in boxes: t = t + x.size()` over Vector[Box] => margo build "internal synchronization invariant: unresolved concrete method effect target". Same call from main-in-same-module OK; `bx.size()` single field OK; total() returning constant OK. Minimal candidate: tmp/lib_and_app/r4 (+ r4_full_src).
[31] Reduced [30]: `for x in boxes: t = t + x.size()` inside method of exported Bag, called via `b.total()` from a param in a third module => sync-invariant internal error. Workaround: `while` + top-level `size_of(b: Box)` helper (r4 while variant prints "total 5").
[32] sceneapp natural-ish version (with workarounds) `margo run` OK natively.
[33] Native vs Fast Debug output differ in Float formatting: native "total area: 27.351757499999998", debug "27.3517575"; native perimeter 47.36480424949238 vs debug 47.3648042494924. Fast Debug rejects `for` (even `for i in range`) -> print loops rewritten to while.
[34] `moss fmt --check` (project-level, no file arg) fails on `return (w + h) * 2.0` => "error[UNKNOWN_SYMBOL_OR_TYPE]: unknown local function 'return'"; margo build/run/test and `moss check` accept the same source. Minimal: tmp/lib_and_app/f1. Diagnostic path attributed to a different file in multi-file projects (geolib: reported measure.moss:32, real shapes.moss:32).
[35] `moss fmt --check` in sceneapp: "imported module 'shapes' was not found in source or compiled interfaces" (dependency package modules invisible to fmt; rc printed 0 in my pipeline because of `| tail`).
[36] `moss inspect Circle --source src/shapes.moss` => QUERY_TARGET_NOT_FOUND (type names not query targets? functions need module-mangled name?) -- to explore.
[37] `moss edit rename entity-v1:function:scene__new_scene x` (and any module-qualified fn) => EDIT_TARGET_AMBIGUOUS "rename could not map every semantic reference to one exact token" (error attributed to main.moss). Works for non-module project fn (tmp/lib_and_app/f1) => tooling/edit problem. Minimal: tmp/lib_and_app/r4 (bag__new_bag).
[38] Queries (inspect/type/effects/...) need compiler-mangled names (`scene__Scene.total_area`); type names alone (`Circle`) => QUERY_TARGET_NOT_FOUND; with MOSS_MODULE_PATH=../geolib/build/debug queries/fmt/test --affected work in sceneapp; without it every tool but margo fails "imported module ... not found".
[39] Trace: margo debug --trace works across packages, source_file attributed to geolib files correctly (1201 events).
